c:\source2026\aae_publish\aae\x64\release\aae_core.pdb
c:\source2026\aae_publish\aae\aae_core\x64\release\foodf.obj
c:\source2026\aae_publish\aae\aae_core\x64\release\centiped.obj
c:\source2026\aae_publish\aae\aae_core\x64\release\cchasm.obj
c:\source2026\aae_publish\aae\aae_core\x64\release\bzone.obj
c:\source2026\aae_publish\aae\aae_core\x64\release\bwidow.obj
c:\source2026\aae_publish\aae\aae_core\x64\release\bosco.obj
c:\source2026\aae_publish\aae\aae_core\x64\release\aztarac.obj
c:\source2026\aae_publish\aae\aae_core\x64\release\asteroid.obj
c:\source2026\aae_publish\aae\aae_core\x64\release\z80fmly.obj
c:\source2026\aae_publish\aae\aae_core\x64\release\timer.obj
c:\source2026\aae_publish\aae\aae_core\x64\release\cpu_z80.obj
c:\source2026\aae_publish\aae\aae_core\x64\release\cpu_m68000.obj
c:\source2026\aae_publish\aae\aae_core\x64\release\cpu_m6809.obj
c:\source2026\aae_publish\aae\aae_core\x64\release\cpu_lr35902.obj
c:\source2026\aae_publish\aae\aae_core\x64\release\cpu_i8085.obj
c:\source2026\aae_publish\aae\aae_core\x64\release\cpu_i8080.obj
c:\source2026\aae_publish\aae\aae_core\x64\release\cpu_i8039.obj
c:\source2026\aae_publish\aae\aae_core\x64\release\cpu_control.obj
c:\source2026\aae_publish\aae\aae_core\x64\release\cpu_6502.obj
c:\source2026\aae_publish\aae\aae_core\x64\release\ccpu.obj
c:\source2026\aae_publish\aae\aae_core\x64\release\quantum.obj
c:\source2026\aae_publish\aae\aae_core\x64\release\phoenix.obj
c:\source2026\aae_publish\aae\aae_core\x64\release\pacman.obj
c:\source2026\aae_publish\aae\aae_core\x64\release\omegrace.obj
c:\source2026\aae_publish\aae\aae_core\x64\release\missile.obj
c:\source2026\aae_publish\aae\aae_core\x64\release\milliped.obj
c:\source2026\aae_publish\aae\aae_core\x64\release\mappy.obj
c:\source2026\aae_publish\aae\aae_core\x64\release\llander.obj
c:\source2026\aae_publish\aae\aae_core\x64\release\jrpacman.obj
c:\source2026\aae_publish\aae\aae_core\x64\release\invaders.obj
c:\source2026\aae_publish\aae\aae_core\x64\release\galaxian_driver.obj
c:\source2026\aae_publish\aae\aae_core\x64\release\galaga.obj
c:\source2026\aae_publish\aae\aae_core\x64\release\digdug.obj
c:\source2026\aae_publish\aae\aae_core\x64\release\circus.obj
c:\source2026\aae_publish\aae\aae_core\x64\release\cinematronics_driver.obj
c:\source2026\aae_publish\aae\aae_core\x64\release\gyruss.obj
c:\source2026\aae_publish\aae\aae_core\x64\release\dkong.obj
c:\source2026\aae_publish\aae\aae_core\x64\release\breakout.obj
c:\source2026\aae_publish\aae\aae_core\x64\release\pong.obj
c:\source2026\aae_publish\aae\aae_core\x64\release\gaplus.obj
c:\source2026\aae_publish\aae\aae_core\x64\release\machine_state.obj
c:\source2026\aae_publish\aae\aae_core\x64\release\starwars_machine.obj
c:\source2026\aae_publish\aae\aae_core\x64\release\slapstic.obj
c:\source2026\aae_publish\aae\aae_core\x64\release\segag80crypt.obj
c:\source2026\aae_publish\aae\aae_core\x64\release\pit8253.obj
c:\source2026\aae_publish\aae\aae_core\x64\release\pacplus_decode.obj
c:\source2026\aae_publish\aae\aae_core\x64\release\mathbox.obj
c:\source2026\aae_publish\aae\aae_core\x64\release\earom.obj
c:\source2026\aae_publish\aae\aae_core\x64\release\74148.obj
c:\source2026\aae_publish\aae\aae_core\x64\release\inptport.obj
c:\source2026\aae_publish\aae\aae_core\x64\release\game_list.obj
c:\source2026\aae_publish\aae\aae_core\x64\release\aae_fileio.obj
c:\source2026\aae_publish\aae\aae_core\x64\release\driver_registry.obj
c:\source2026\aae_publish\aae\aae_core\x64\release\yiear.obj
c:\source2026\aae_publish\aae\aae_core\x64\release\xevious.obj
c:\source2026\aae_publish\aae\aae_core\x64\release\vicdual.obj
c:\source2026\aae_publish\aae\aae_core\x64\release\vertigo.obj
c:\source2026\aae_publish\aae\aae_core\x64\release\superpac.obj
c:\source2026\aae_publish\aae\aae_core\x64\release\segag80.obj
c:\source2026\aae_publish\aae\aae_core\x64\release\rallyx.obj
c:\source2026\aae_publish\aae\aae_core\x64\release\galaxian_vid.obj
c:\source2026\aae_publish\aae\aae_core\x64\release\cinematronics_video.obj
c:\source2026\aae_publish\aae\aae_core\x64\release\astrocde_video.obj
c:\source2026\aae_publish\aae\aae_core\x64\release\centiped_vid.obj
c:\source2026\aae_publish\aae\aae_core\x64\release\aae_avg.obj
c:\source2026\aae_publish\aae\aae_core\x64\release\tms5220.obj
c:\source2026\aae_publish\aae\aae_core\x64\release\tms36xx.obj
c:\source2026\aae_publish\aae\aae_core\x64\release\starwars_snd.obj
c:\source2026\aae_publish\aae\aae_core\x64\release\sn76477.obj
c:\source2026\aae_publish\aae\aae_core\x64\release\pleiads_audio.obj
c:\source2026\aae_publish\aae\aae_core\x64\release\phoenix_audio.obj
c:\source2026\aae_publish\aae\aae_core\x64\release\okim6295_loader.obj
c:\source2026\aae_publish\aae\aae_core\x64\release\exidy440_sound.obj
c:\source2026\aae_publish\aae\aae_core\x64\release\dac.obj
c:\source2026\aae_publish\aae\aae_core\x64\release\cinematronics_sound.obj
c:\source2026\aae_publish\aae\aae_core\x64\release\ay8910.obj
c:\source2026\aae_publish\aae\aae_core\x64\release\astrocade_sound.obj
c:\source2026\aae_publish\aae\aae_core\x64\release\aae_pokey.obj
c:\source2026\aae_publish\aae\aae_core\x64\release\os_input.obj
c:\source2026\aae_publish\aae\aae_core\x64\release\memory.obj
c:\source2026\aae_publish\aae\aae_core\x64\release\xevious_video.obj
c:\source2026\aae_publish\aae\aae_core\x64\release\vertigo_video.obj
c:\source2026\aae_publish\aae\aae_core\x64\release\segag80vid.obj
c:\source2026\aae_publish\aae\aae_core\x64\release\rallyx_vid.obj
c:\source2026\aae_publish\aae\aae_core\x64\release\old_mame_vecsim_dvg.obj
c:\source2026\aae_publish\aae\aae_core\x64\release\old_mame_raster.obj
c:\source2026\aae_publish\aae\aae_core\x64\release\mappy_video.obj
c:\source2026\aae_publish\aae\aae_core\x64\release\gaplus_video.obj
c:\source2026\aae_publish\aae\x64\release\aae_core.lib
c:\source2026\aae_publish\aae\aae_core\x64\release\aae_core.tlog\cl.command.1.tlog
c:\source2026\aae_publish\aae\aae_core\x64\release\aae_core.tlog\cl.items.tlog
c:\source2026\aae_publish\aae\aae_core\x64\release\aae_core.tlog\cl.read.1.tlog
c:\source2026\aae_publish\aae\aae_core\x64\release\aae_core.tlog\cl.write.1.tlog
c:\source2026\aae_publish\aae\aae_core\x64\release\aae_core.tlog\lib-link.write.1.tlog
c:\source2026\aae_publish\aae\aae_core\x64\release\aae_core.tlog\lib.command.1.tlog
c:\source2026\aae_publish\aae\aae_core\x64\release\aae_core.tlog\lib.read.1.tlog
